<html>
<body>
<pre>
<h1>µVision Build Log</h1>
<h2>Project:</h2>
C:\Documents and Settings\mauzy\My Documents\ENEE440\Project\01-STM32F4xx_Keil_CMSIS_USB_Default_Project\project.uvproj
Project File Date:  05/26/2015

<h2>Output:</h2>
Rebuild target 'STM32F4-Discovery USB'
assembling startup_stm32f40_41xxx.s...
compiling misc.c...
compiling stm32f4xx_rcc.c...
compiling stm32f4xx_gpio.c...
compiling tm_stm32f4_delay.c...
compiling tm_stm32f4_disco.c...
compiling tm_stm32f4_gpio.c...
compiling main.c...
compiling stm32f4xx_it.c...
compiling system_stm32f4xx.c...
linking...
Program Size: Code=2612 RO-data=424 RW-data=56 ZI-data=1024  
FromELF: creating hex file...
".\Targets\STM32F4_Discovery\project.axf" - 0 Error(s), 0 Warning(s).
Rebuild target 'STM32F4-Discovery USB'
assembling startup_stm32f40_41xxx.s...
compiling misc.c...
compiling stm32f4xx_rcc.c...
compiling stm32f4xx_gpio.c...
compiling tm_stm32f4_delay.c...
compiling tm_stm32f4_disco.c...
compiling tm_stm32f4_gpio.c...
compiling main.c...
User\tm_stm32f4_dac_signal.h(148): error:  #5: cannot open source input file "tm_stm32f4_timer_properties.h": No such file or directory
compiling stm32f4xx_it.c...
compiling system_stm32f4xx.c...
Target not created
Rebuild target 'STM32F4-Discovery USB'
assembling startup_stm32f40_41xxx.s...
compiling misc.c...
compiling stm32f4xx_rcc.c...
compiling stm32f4xx_gpio.c...
compiling tm_stm32f4_delay.c...
compiling tm_stm32f4_disco.c...
compiling tm_stm32f4_gpio.c...
compiling main.c...
compiling stm32f4xx_it.c...
compiling system_stm32f4xx.c...
linking...
.\Targets\STM32F4_Discovery\project.axf: Error: L6218E: Undefined symbol TM_DAC_SIGNAL_Init (referred from main.o).
.\Targets\STM32F4_Discovery\project.axf: Error: L6218E: Undefined symbol TM_DAC_SIGNAL_SetSignal (referred from main.o).
Target not created
Load "C:\\Documents and Settings\\mauzy\\My Documents\\ENEE440\\Project\\01-STM32F4xx_Keil_CMSIS_USB_Default_Project\\Targets\\STM32F4_Discovery\\project.AXF" 
_____^
*** error 56: cannot open file
Rebuild target 'STM32F4-Discovery USB'
assembling startup_stm32f40_41xxx.s...
compiling misc.c...
compiling stm32f4xx_rcc.c...
compiling stm32f4xx_gpio.c...
compiling tm_stm32f4_delay.c...
compiling tm_stm32f4_disco.c...
compiling tm_stm32f4_gpio.c...
compiling main.c...
compiling stm32f4xx_it.c...
compiling system_stm32f4xx.c...
linking...
.\Targets\STM32F4_Discovery\project.axf: Error: L6218E: Undefined symbol TM_DAC_SIGNAL_Init (referred from main.o).
.\Targets\STM32F4_Discovery\project.axf: Error: L6218E: Undefined symbol TM_DAC_SIGNAL_SetSignal (referred from main.o).
Target not created
Rebuild target 'STM32F4-Discovery USB'
assembling startup_stm32f40_41xxx.s...
compiling misc.c...
compiling stm32f4xx_rcc.c...
compiling stm32f4xx_gpio.c...
compiling tm_stm32f4_delay.c...
compiling tm_stm32f4_disco.c...
compiling tm_stm32f4_gpio.c...
compiling main.c...
compiling stm32f4xx_it.c...
compiling system_stm32f4xx.c...
compiling tm_stm32f4_dac_signal.c...
User\tm_stm32f4_dac_signal.c(76): error:  #20: identifier "GPIO_PIN_4" is undefined
User\tm_stm32f4_dac_signal.c(78): error:  #20: identifier "GPIO_PIN_5" is undefined
Target not created
Rebuild target 'STM32F4-Discovery USB'
assembling startup_stm32f40_41xxx.s...
compiling misc.c...
compiling stm32f4xx_rcc.c...
compiling stm32f4xx_gpio.c...
compiling tm_stm32f4_delay.c...
compiling tm_stm32f4_disco.c...
compiling tm_stm32f4_gpio.c...
compiling tm_stm32f4_timer_properties.c...
compiling tm_stm32f4_dac_signal.c...
TM\tm_stm32f4_dac_signal.c(76): error:  #20: identifier "GPIO_PIN_4" is undefined
TM\tm_stm32f4_dac_signal.c(78): error:  #20: identifier "GPIO_PIN_5" is undefined
compiling main.c...
compiling stm32f4xx_it.c...
compiling system_stm32f4xx.c...
Target not created
Rebuild target 'STM32F4-Discovery USB'
assembling startup_stm32f40_41xxx.s...
compiling misc.c...
compiling stm32f4xx_rcc.c...
compiling stm32f4xx_gpio.c...
compiling tm_stm32f4_delay.c...
compiling tm_stm32f4_disco.c...
compiling tm_stm32f4_gpio.c...
compiling tm_stm32f4_timer_properties.c...
compiling tm_stm32f4_dac_signal.c...
TM\tm_stm32f4_dac_signal.c(20): error:  #11-D: unrecognized preprocessing directive
TM\tm_stm32f4_dac_signal.c(77): error:  #20: identifier "GPIO_PIN_4" is undefined
TM\tm_stm32f4_dac_signal.c(79): error:  #20: identifier "GPIO_PIN_5" is undefined
compiling main.c...
compiling stm32f4xx_it.c...
compiling system_stm32f4xx.c...
Target not created
Rebuild target 'STM32F4-Discovery USB'
assembling startup_stm32f40_41xxx.s...
compiling misc.c...
compiling stm32f4xx_rcc.c...
compiling stm32f4xx_gpio.c...
compiling tm_stm32f4_delay.c...
compiling tm_stm32f4_disco.c...
compiling tm_stm32f4_gpio.c...
compiling tm_stm32f4_timer_properties.c...
compiling tm_stm32f4_dac_signal.c...
TM\tm_stm32f4_dac_signal.c(20): error:  #11-D: unrecognized preprocessing directive
TM\tm_stm32f4_dac_signal.c(77): error:  #20: identifier "GPIO_PIN_4" is undefined
TM\tm_stm32f4_dac_signal.c(79): error:  #20: identifier "GPIO_PIN_5" is undefined
compiling main.c...
compiling stm32f4xx_it.c...
compiling system_stm32f4xx.c...
Target not created
Load "C:\\Documents and Settings\\mauzy\\My Documents\\ENEE440\\Project\\01-STM32F4xx_Keil_CMSIS_USB_Default_Project\\Targets\\STM32F4_Discovery\\project.AXF" 
_____^
*** error 56: cannot open file
Rebuild target 'STM32F4-Discovery USB'
assembling startup_stm32f40_41xxx.s...
compiling misc.c...
compiling stm32f4xx_rcc.c...
compiling stm32f4xx_gpio.c...
compiling tm_stm32f4_delay.c...
compiling tm_stm32f4_disco.c...
compiling tm_stm32f4_gpio.c...
compiling tm_stm32f4_timer_properties.c...
compiling tm_stm32f4_dac_signal.c...
TM\tm_stm32f4_dac_signal.c(77): error:  #20: identifier "GPIO_PIN_4" is undefined
TM\tm_stm32f4_dac_signal.c(79): error:  #20: identifier "GPIO_PIN_5" is undefined
compiling main.c...
compiling stm32f4xx_it.c...
compiling system_stm32f4xx.c...
Target not created
Rebuild target 'STM32F4-Discovery USB'
assembling startup_stm32f40_41xxx.s...
compiling misc.c...
compiling stm32f4xx_rcc.c...
compiling stm32f4xx_gpio.c...
compiling tm_stm32f4_delay.c...
compiling tm_stm32f4_disco.c...
compiling tm_stm32f4_gpio.c...
compiling tm_stm32f4_timer_properties.c...
compiling tm_stm32f4_dac_signal.c...
TM\tm_stm32f4_dac_signal.c(77): error:  #20: identifier "GPIO_PIN_4" is undefined
TM\tm_stm32f4_dac_signal.c(79): error:  #20: identifier "GPIO_PIN_5" is undefined
compiling main.c...
compiling stm32f4xx_it.c...
compiling system_stm32f4xx.c...
Target not created
Rebuild target 'STM32F4-Discovery USB'
assembling startup_stm32f40_41xxx.s...
compiling misc.c...
compiling stm32f4xx_rcc.c...
compiling stm32f4xx_gpio.c...
compiling tm_stm32f4_delay.c...
compiling tm_stm32f4_disco.c...
compiling tm_stm32f4_gpio.c...
compiling tm_stm32f4_timer_properties.c...
compiling tm_stm32f4_dac_signal.c...
TM\tm_stm32f4_dac_signal.c(77): error:  #20: identifier "GPIO_PIN_4" is undefined
TM\tm_stm32f4_dac_signal.c(79): error:  #20: identifier "GPIO_PIN_5" is undefined
compiling main.c...
compiling stm32f4xx_it.c...
compiling system_stm32f4xx.c...
Target not created
Rebuild target 'STM32F4-Discovery USB'
assembling startup_stm32f40_41xxx.s...
compiling misc.c...
compiling stm32f4xx_rcc.c...
compiling stm32f4xx_gpio.c...
compiling tm_stm32f4_delay.c...
compiling tm_stm32f4_disco.c...
compiling tm_stm32f4_gpio.c...
compiling tm_stm32f4_timer_properties.c...
compiling tm_stm32f4_dac_signal.c...
TM\tm_stm32f4_dac_signal.c(82): error:  #20: identifier "GPIO_PIN_4" is undefined
TM\tm_stm32f4_dac_signal.c(84): error:  #20: identifier "GPIO_PIN_5" is undefined
compiling main.c...
compiling stm32f4xx_it.c...
compiling system_stm32f4xx.c...
Target not created
Rebuild target 'STM32F4-Discovery USB'
assembling startup_stm32f40_41xxx.s...
compiling misc.c...
compiling stm32f4xx_rcc.c...
compiling stm32f4xx_gpio.c...
compiling tm_stm32f4_delay.c...
compiling tm_stm32f4_disco.c...
compiling tm_stm32f4_gpio.c...
compiling tm_stm32f4_timer_properties.c...
compiling tm_stm32f4_dac_signal.c...
compiling main.c...
compiling stm32f4xx_it.c...
compiling system_stm32f4xx.c...
linking...
.\Targets\STM32F4_Discovery\project.axf: Error: L6218E: Undefined symbol DAC_Cmd (referred from tm_stm32f4_dac_signal.o).
.\Targets\STM32F4_Discovery\project.axf: Error: L6218E: Undefined symbol DAC_DMACmd (referred from tm_stm32f4_dac_signal.o).
.\Targets\STM32F4_Discovery\project.axf: Error: L6218E: Undefined symbol DAC_Init (referred from tm_stm32f4_dac_signal.o).
.\Targets\STM32F4_Discovery\project.axf: Error: L6218E: Undefined symbol DMA_Cmd (referred from tm_stm32f4_dac_signal.o).
.\Targets\STM32F4_Discovery\project.axf: Error: L6218E: Undefined symbol DMA_DeInit (referred from tm_stm32f4_dac_signal.o).
.\Targets\STM32F4_Discovery\project.axf: Error: L6218E: Undefined symbol DMA_Init (referred from tm_stm32f4_dac_signal.o).
.\Targets\STM32F4_Discovery\project.axf: Error: L6218E: Undefined symbol TIM_SelectOutputTrigger (referred from tm_stm32f4_dac_signal.o).
.\Targets\STM32F4_Discovery\project.axf: Error: L6218E: Undefined symbol TIM_TimeBaseInit (referred from tm_stm32f4_dac_signal.o).
.\Targets\STM32F4_Discovery\project.axf: Error: L6218E: Undefined symbol TIM_TimeBaseStructInit (referred from tm_stm32f4_dac_signal.o).
Target not created
Rebuild target 'STM32F4-Discovery USB'
assembling startup_stm32f40_41xxx.s...
compiling misc.c...
compiling stm32f4xx_rcc.c...
compiling stm32f4xx_gpio.c...
compiling tm_stm32f4_delay.c...
compiling tm_stm32f4_disco.c...
compiling tm_stm32f4_gpio.c...
compiling tm_stm32f4_timer_properties.c...
compiling tm_stm32f4_dac_signal.c...
compiling main.c...
compiling stm32f4xx_it.c...
compiling system_stm32f4xx.c...
linking...
.\Targets\STM32F4_Discovery\project.axf: Error: L6218E: Undefined symbol DAC_Cmd (referred from tm_stm32f4_dac_signal.o).
.\Targets\STM32F4_Discovery\project.axf: Error: L6218E: Undefined symbol DAC_DMACmd (referred from tm_stm32f4_dac_signal.o).
.\Targets\STM32F4_Discovery\project.axf: Error: L6218E: Undefined symbol DAC_Init (referred from tm_stm32f4_dac_signal.o).
.\Targets\STM32F4_Discovery\project.axf: Error: L6218E: Undefined symbol DMA_Cmd (referred from tm_stm32f4_dac_signal.o).
.\Targets\STM32F4_Discovery\project.axf: Error: L6218E: Undefined symbol DMA_DeInit (referred from tm_stm32f4_dac_signal.o).
.\Targets\STM32F4_Discovery\project.axf: Error: L6218E: Undefined symbol DMA_Init (referred from tm_stm32f4_dac_signal.o).
.\Targets\STM32F4_Discovery\project.axf: Error: L6218E: Undefined symbol TIM_SelectOutputTrigger (referred from tm_stm32f4_dac_signal.o).
.\Targets\STM32F4_Discovery\project.axf: Error: L6218E: Undefined symbol TIM_TimeBaseInit (referred from tm_stm32f4_dac_signal.o).
.\Targets\STM32F4_Discovery\project.axf: Error: L6218E: Undefined symbol TIM_TimeBaseStructInit (referred from tm_stm32f4_dac_signal.o).
Target not created
